2026-09-21 08:01:26 INFO node-02 Scheduled job finished
2026-09-21 08:02:02 INFO node-04 Health check passed
2026-09-21 08:03:16 WARNING node-02 Disk usage at 70%
2026-09-21 08:04:38 WARNING node-01 CPU load average high: 2.9
2026-09-21 08:05:58 ERROR node-05 Connection timeout to database
2026-09-21 08:06:57 INFO node-06 Backup completed successfully
2026-09-21 08:07:45 INFO node-02 Health check passed
2026-09-21 08:08:35 WARNING node-06 Queue depth increasing: 5 pending
2026-09-21 08:09:28 WARNING node-02 Queue depth increasing: 5 pending
2026-09-21 08:09:41 WARNING node-01 Queue depth increasing: 2 pending
2026-09-21 08:10:34 INFO node-05 User session established
2026-09-21 08:10:59 INFO node-06 Scheduled job finished
2026-09-21 08:12:26 WARNING node-02 High memory usage: 87%
2026-09-21 08:13:05 WARNING node-04 Queue depth increasing: 1 pending
2026-09-21 08:14:01 INFO node-05 User session established
2026-09-21 08:14:33 INFO node-08 Connection pool initialized
2026-09-21 08:14:56 INFO node-05 Scheduled job finished
2026-09-21 08:16:15 ERROR node-07 Out of memory: killed process pid=6930
2026-09-21 08:16:48 INFO node-03 Health check passed
2026-09-21 08:16:59 INFO node-02 Configuration reloaded
2026-09-21 08:17:58 INFO node-02 Connection pool initialized
2026-09-21 08:19:10 CRITICAL node-05 Disk usage at 92%
2026-09-21 08:20:00 ERROR node-01 Failed to write to disk
2026-09-21 08:20:23 WARNING node-05 Slow query detected: 1702ms
2026-09-21 08:20:28 CRITICAL node-05 Service crashed unexpectedly, restarting
2026-09-21 08:21:53 ERROR node-05 Failed to reach upstream service api-gateway
2026-09-21 08:22:45 INFO node-03 Service started successfully
2026-09-21 08:24:06 INFO node-06 Health check passed
2026-09-21 08:24:57 INFO node-05 Backup completed successfully
2026-09-21 08:26:14 INFO node-02 Connection pool initialized
2026-09-21 08:26:27 INFO node-03 Connection pool initialized
2026-09-21 08:27:00 ERROR node-01 Failed to write to disk
2026-09-21 08:27:42 INFO node-03 Cache cleared
2026-09-21 08:28:14 WARNING node-04 Retry attempt 4 for network request
2026-09-21 08:29:16 INFO node-02 Health check passed
2026-09-21 08:30:04 WARNING node-01 High memory usage: 88%
2026-09-21 08:31:29 INFO node-01 Service started successfully
2026-09-21 08:32:16 INFO node-02 Scheduled job finished
2026-09-21 08:33:46 INFO node-08 Configuration reloaded
2026-09-21 08:34:00 ERROR node-01 Failed to write to disk
2026-09-21 08:35:04 INFO node-08 Connection pool initialized
2026-09-21 08:36:01 INFO node-04 Cache cleared
2026-09-21 08:36:51 INFO node-07 Service started successfully
2026-09-21 08:38:19 INFO node-02 User session established
2026-09-21 08:38:37 INFO node-04 Connection pool initialized
2026-09-21 08:38:59 INFO node-07 Connection pool initialized
2026-09-21 08:39:35 INFO node-02 Health check passed
2026-09-21 08:39:46 CRITICAL node-01 Service crashed unexpectedly, restarting
2026-09-21 08:40:53 INFO node-08 Cache cleared
2026-09-21 08:41:00 ERROR node-01 Failed to write to disk
2026-09-21 08:41:05 INFO node-03 Cache cleared
2026-09-21 08:41:43 INFO node-08 Connection pool initialized
2026-09-21 08:42:07 INFO node-04 Service started successfully
2026-09-21 08:43:26 WARNING node-01 Disk usage at 71%
2026-09-21 08:44:38 INFO node-03 Health check passed
2026-09-21 08:45:06 WARNING node-02 CPU load average high: 5.8
2026-09-21 08:46:23 WARNING node-04 Disk usage at 89%
2026-09-21 08:47:40 ERROR node-06 Failed to reach upstream service api-gateway
2026-09-21 08:48:15 INFO node-05 Scheduled job finished
2026-09-21 08:49:18 ERROR node-06 Failed to write to disk
2026-09-21 08:50:21 INFO node-02 Backup completed successfully
2026-09-21 08:51:30 INFO node-05 User session established
2026-09-21 08:51:43 INFO node-04 Configuration reloaded
2026-09-21 08:52:44 WARNING node-05 Queue depth increasing: 1 pending
2026-09-21 08:53:59 ERROR node-05 Failed to write to disk
2026-09-21 08:54:37 ERROR node-02 Authentication failed for user svc-backup
2026-09-21 08:55:18 WARNING node-04 High memory usage: 90%
2026-09-21 08:55:29 WARNING node-02 Queue depth increasing: 1 pending
2026-09-21 08:55:50 INFO node-05 Connection pool initialized
2026-09-21 08:57:05 WARNING node-07 Disk usage at 72%
2026-09-21 08:57:57 INFO node-03 Service started successfully
2026-09-21 08:58:41 ERROR node-06 Connection timeout to database
2026-09-21 08:59:12 WARNING node-04 Slow query detected: 2164ms
2026-09-21 08:59:47 CRITICAL node-03 Service crashed unexpectedly, restarting
2026-09-21 09:00:14 WARNING node-06 Retry attempt 2 for network request
2026-09-21 09:00:32 ERROR node-07 Failed to mount /data volume
2026-09-21 09:01:02 INFO node-08 Backup completed successfully
2026-09-21 09:01:35 WARNING node-01 Retry attempt 1 for network request
2026-09-21 09:02:15 WARNING node-06 Retry attempt 1 for network request
2026-09-21 09:02:53 WARNING node-03 Slow query detected: 944ms
2026-09-21 09:03:38 WARNING node-07 Certificate expires in 5 days
2026-09-21 09:03:48 INFO node-07 Backup completed successfully
2026-09-21 09:04:39 INFO node-07 User session established
2026-09-21 09:06:03 WARNING node-06 Disk usage at 79%
2026-09-21 09:06:49 WARNING node-07 Certificate expires in 4 days
2026-09-21 09:07:42 WARNING node-03 Slow query detected: 2744ms
2026-09-21 09:08:13 WARNING node-07 Certificate expires in 4 days
2026-09-21 09:08:45 WARNING node-08 Queue depth increasing: 3 pending
2026-09-21 09:10:00 ERROR node-03 Connection timeout to database
2026-09-21 09:10:11 INFO node-06 Backup completed successfully
2026-09-21 09:10:45 ERROR node-03 Connection timeout to database
2026-09-21 09:10:55 ERROR node-04 Authentication failed for user svc-backup
2026-09-21 09:11:05 CRITICAL node-04 Temperature threshold exceeded: 92C
2026-09-21 09:11:30 ERROR node-03 Failed to reach upstream service api-gateway
2026-09-21 09:12:03 WARNING node-04 Retry attempt 2 for network request
2026-09-21 09:12:08 WARNING node-02 High memory usage: 75%
2026-09-21 09:12:15 ERROR node-03 Connection timeout to database
2026-09-21 09:12:44 INFO node-02 Connection pool initialized
2026-09-21 09:14:14 CRITICAL node-06 Power supply failure detected
2026-09-21 09:15:29 ERROR node-08 Failed to mount /data volume
2026-09-21 09:16:07 ERROR node-04 NIC eth0 link down
2026-09-21 09:17:14 INFO node-04 Health check passed
2026-09-21 09:17:55 INFO node-04 User session established
2026-09-21 09:19:09 INFO node-02 Backup completed successfully
2026-09-21 09:20:03 WARNING node-03 Disk usage at 83%
2026-09-21 09:21:01 INFO node-01 Cache cleared
2026-09-21 09:21:55 ERROR node-01 Out of memory: killed process pid=8814
2026-09-21 09:22:00 INFO node-06 Cache cleared
2026-09-21 09:22:58 INFO node-04 Scheduled job finished
2026-09-21 09:23:58 INFO node-08 User session established
2026-09-21 09:25:28 WARNING node-07 Queue depth increasing: 5 pending
2026-09-21 09:26:23 INFO node-01 Cache cleared
2026-09-21 09:26:45 INFO node-08 Scheduled job finished
2026-09-21 09:27:38 INFO node-06 User session established
2026-09-21 09:28:26 INFO node-07 Cache cleared
2026-09-21 09:29:03 INFO node-02 Service started successfully
2026-09-21 09:29:52 WARNING node-04 Queue depth increasing: 1 pending
2026-09-21 09:30:22 WARNING node-01 High memory usage: 74%
2026-09-21 09:30:54 WARNING node-08 Queue depth increasing: 5 pending
2026-09-21 09:31:13 CRITICAL node-03 Disk usage at 91%
2026-09-21 09:32:31 INFO node-07 Backup completed successfully
2026-09-21 09:32:45 INFO node-04 Scheduled job finished
2026-09-21 09:34:06 WARNING node-02 Certificate expires in 5 days
2026-09-21 09:34:58 INFO node-02 User session established
2026-09-21 09:35:04 ERROR node-07 Failed to write to disk
2026-09-21 09:35:55 WARNING node-08 Retry attempt 3 for network request
2026-09-21 09:37:08 INFO node-08 Scheduled job finished
2026-09-21 09:37:54 ERROR node-04 Failed to write to disk
2026-09-21 09:38:56 WARNING node-04 Certificate expires in 3 days
2026-09-21 09:39:42 INFO node-03 User session established
2026-09-21 09:40:20 INFO node-06 Scheduled job finished
2026-09-21 09:41:36 INFO node-01 Backup completed successfully
2026-09-21 09:41:51 WARNING node-04 Retry attempt 4 for network request
2026-09-21 09:42:58 WARNING node-08 Disk usage at 79%
2026-09-21 09:43:42 INFO node-06 User session established
2026-09-21 09:44:41 INFO node-06 Connection pool initialized
2026-09-21 09:45:20 INFO node-05 Health check passed
2026-09-21 09:45:49 INFO node-06 Configuration reloaded
2026-09-21 09:46:18 WARNING node-04 Slow query detected: 2648ms
2026-09-21 09:46:35 INFO node-04 User session established
2026-09-21 09:47:02 INFO node-05 Configuration reloaded
2026-09-21 09:47:42 CRITICAL node-01 Temperature threshold exceeded: 87C
2026-09-21 09:49:08 INFO node-08 Service started successfully
2026-09-21 09:50:26 INFO node-05 Connection pool initialized
2026-09-21 09:51:14 CRITICAL node-03 Kernel panic detected, system rebooting
2026-09-21 09:51:27 INFO node-07 Service started successfully
2026-09-21 09:51:51 ERROR node-03 NIC eth0 link down
2026-09-21 09:52:27 WARNING node-02 Retry attempt 5 for network request
2026-09-21 09:53:38 INFO node-07 Connection pool initialized
2026-09-21 09:54:21 INFO node-07 Service started successfully
2026-09-21 09:55:44 ERROR node-02 Failed to reach upstream service api-gateway
2026-09-21 09:56:22 INFO node-02 Configuration reloaded
2026-09-21 09:57:37 INFO node-02 Cache cleared
2026-09-21 09:58:39 INFO node-08 Backup completed successfully
2026-09-21 09:59:20 WARNING node-05 Retry attempt 3 for network request
2026-09-21 10:00:45 INFO node-04 Backup completed successfully
2026-09-21 10:02:12 ERROR node-03 Authentication failed for user svc-backup
2026-09-21 10:02:24 WARNING node-03 Certificate expires in 4 days
2026-09-21 10:03:07 ERROR node-07 Failed to mount /data volume
2026-09-21 10:03:22 ERROR node-01 RAID array degraded on /dev/md0
2026-09-21 10:03:30 INFO node-02 Service started successfully
2026-09-21 10:04:09 WARNING node-01 High memory usage: 85%
2026-09-21 10:04:37 WARNING node-07 Retry attempt 3 for network request
2026-09-21 10:05:00 ERROR node-06 RAID array degraded on /dev/md0
2026-09-21 10:05:23 ERROR node-02 RAID array degraded on /dev/md0
2026-09-21 10:06:31 WARNING node-05 Retry attempt 4 for network request
2026-09-21 10:07:00 CRITICAL node-06 RAID array failed on /dev/md0
2026-09-21 10:07:08 INFO node-06 Cache cleared
2026-09-21 10:08:00 ERROR node-06 Failed to mount /data volume
2026-09-21 10:08:18 WARNING node-01 Certificate expires in 1 days
2026-09-21 10:09:09 WARNING node-08 Queue depth increasing: 3 pending
2026-09-21 10:09:50 ERROR node-08 Failed to mount /data volume
2026-09-21 10:09:58 WARNING node-04 Slow query detected: 556ms
2026-09-21 10:10:31 INFO node-02 Health check passed
2026-09-21 10:11:58 INFO node-03 Scheduled job finished
2026-09-21 10:13:08 INFO node-05 Connection pool initialized
2026-09-21 10:14:13 INFO node-04 Configuration reloaded
2026-09-21 10:15:07 ERROR node-04 Authentication failed for user svc-backup
2026-09-21 10:15:47 INFO node-07 Scheduled job finished
2026-09-21 10:15:52 WARNING node-05 Queue depth increasing: 4 pending
2026-09-21 10:16:54 INFO node-08 Cache cleared
2026-09-21 10:17:57 ERROR node-06 Failed to reach upstream service api-gateway
2026-09-21 10:18:31 INFO node-07 Connection pool initialized
2026-09-21 10:19:24 CRITICAL node-07 RAID array failed on /dev/md0
2026-09-21 10:19:33 INFO node-03 User session established
2026-09-21 10:19:50 INFO node-08 Connection pool initialized
2026-09-21 10:19:56 INFO node-03 Configuration reloaded
2026-09-21 10:20:10 WARNING node-08 Slow query detected: 2128ms
2026-09-21 10:21:23 CRITICAL node-07 RAID array failed on /dev/md0
2026-09-21 10:21:32 INFO node-02 Scheduled job finished
2026-09-21 10:22:06 INFO node-02 Health check passed
2026-09-21 10:23:32 INFO node-02 Scheduled job finished
2026-09-21 10:23:40 INFO node-01 Service started successfully
2026-09-21 10:24:22 INFO node-06 Configuration reloaded
2026-09-21 10:24:58 WARNING node-07 Queue depth increasing: 2 pending
2026-09-21 10:25:51 INFO node-04 Configuration reloaded
2026-09-21 10:26:25 WARNING node-08 Retry attempt 4 for network request
2026-09-21 10:27:39 INFO node-03 User session established
2026-09-21 10:28:59 WARNING node-05 Retry attempt 3 for network request
2026-09-21 10:29:53 INFO node-08 Cache cleared
2026-09-21 10:31:11 WARNING node-06 CPU load average high: 3.1
2026-09-21 10:32:28 ERROR node-01 Failed to mount /data volume
2026-09-21 10:33:02 INFO node-06 Backup completed successfully
2026-09-21 10:34:26 WARNING node-05 CPU load average high: 3.2
2026-09-21 10:35:27 WARNING node-01 CPU load average high: 3.3
2026-09-21 10:36:25 INFO node-03 User session established
2026-09-21 10:37:37 ERROR node-05 NIC eth0 link down
2026-09-21 10:38:19 ERROR node-06 Failed to mount /data volume
2026-09-21 10:38:42 ERROR node-04 Out of memory: killed process pid=6992
2026-09-21 10:38:58 INFO node-07 Health check passed
2026-09-21 10:40:01 WARNING node-06 CPU load average high: 5.3
2026-09-21 10:40:53 WARNING node-02 Retry attempt 3 for network request
2026-09-21 10:41:26 WARNING node-02 Retry attempt 1 for network request
2026-09-21 10:41:35 CRITICAL node-05 Disk usage at 92%
2026-09-21 10:42:48 INFO node-03 User session established
2026-09-21 10:44:18 WARNING node-07 CPU load average high: 5.3
2026-09-21 10:45:41 ERROR node-07 NIC eth0 link down
2026-09-21 10:46:33 INFO node-04 Backup completed successfully
2026-09-21 10:47:24 CRITICAL node-02 Kernel panic detected, system rebooting
2026-09-21 10:48:14 INFO node-01 Backup completed successfully
2026-09-21 10:48:34 INFO node-08 Backup completed successfully
2026-09-21 10:50:01 INFO node-01 User session established
2026-09-21 10:50:37 WARNING node-03 High memory usage: 72%
2026-09-21 10:51:11 WARNING node-06 Queue depth increasing: 3 pending
2026-09-21 10:51:34 INFO node-03 Configuration reloaded
2026-09-21 10:51:53 INFO node-01 User session established
2026-09-21 10:52:28 INFO node-06 Scheduled job finished
2026-09-21 10:52:39 WARNING node-03 Certificate expires in 4 days
2026-09-21 10:53:30 INFO node-02 Backup completed successfully
2026-09-21 10:54:53 WARNING node-01 Queue depth increasing: 4 pending
2026-09-21 10:55:01 CRITICAL node-01 Power supply failure detected
2026-09-21 10:55:19 WARNING node-08 Retry attempt 3 for network request
2026-09-21 10:55:32 INFO node-03 User session established
2026-09-21 10:56:25 INFO node-05 Cache cleared
2026-09-21 10:56:42 ERROR node-02 Failed to reach upstream service api-gateway
2026-09-21 10:57:44 INFO node-04 Connection pool initialized
2026-09-21 10:58:40 WARNING node-07 Slow query detected: 1780ms
2026-09-21 10:59:04 INFO node-08 Health check passed
2026-09-21 10:59:20 INFO node-07 User session established
2026-09-21 10:59:41 WARNING node-01 Certificate expires in 1 days
2026-09-21 11:01:11 ERROR node-07 Connection timeout to database
2026-09-21 11:02:32 INFO node-05 Backup completed successfully
2026-09-21 11:02:56 INFO node-08 Health check passed
2026-09-21 11:03:45 INFO node-06 Scheduled job finished
2026-09-21 11:05:03 ERROR node-04 Connection timeout to database
2026-09-21 11:05:11 INFO node-03 Scheduled job finished
2026-09-21 11:05:59 INFO node-06 Configuration reloaded
2026-09-21 11:07:16 INFO node-07 Service started successfully
2026-09-21 11:07:32 INFO node-04 Connection pool initialized
2026-09-21 11:08:20 INFO node-03 User session established
2026-09-21 11:09:37 ERROR node-02 Authentication failed for user svc-backup
2026-09-21 11:11:01 WARNING node-01 Slow query detected: 2236ms
2026-09-21 11:11:59 INFO node-05 Health check passed
2026-09-21 11:12:48 INFO node-07 Connection pool initialized
2026-09-21 11:14:00 INFO node-05 Cache cleared
2026-09-21 11:15:21 INFO node-01 Scheduled job finished
2026-09-21 11:15:53 WARNING node-03 Slow query detected: 991ms
2026-09-21 11:16:53 INFO node-03 Backup completed successfully
2026-09-21 11:18:02 INFO node-06 Service started successfully
2026-09-21 11:19:02 INFO node-01 Health check passed
2026-09-21 11:19:47 WARNING node-07 CPU load average high: 2.5
2026-09-21 11:19:54 INFO node-06 Connection pool initialized
2026-09-21 11:20:45 INFO node-02 Health check passed
2026-09-21 11:21:21 WARNING node-07 Certificate expires in 3 days
2026-09-21 11:21:54 WARNING node-06 Disk usage at 86%
2026-09-21 11:22:43 WARNING node-06 Queue depth increasing: 2 pending
2026-09-21 11:23:20 INFO node-04 Configuration reloaded
2026-09-21 11:24:48 INFO node-02 Connection pool initialized
2026-09-21 11:25:52 WARNING node-08 Certificate expires in 3 days
2026-09-21 11:26:05 INFO node-08 Scheduled job finished
2026-09-21 11:26:45 INFO node-01 Health check passed
